// Jest Snapshot v1, https://goo.gl/fbAQLP

exports[`GAAuthorize should render the GAAuthorize component with auth button 1`] = `
<div>
  <div
    class="svelte-1i1pnuw"
  >
    <div
      class="ga-authorize svelte-1i1pnuw"
    >
      <div
        class="auth-button svelte-1i1pnuw"
        id="auth-button"
      />
    </div>
  </div>
</div>
`;
