// Jest Snapshot v1, https://goo.gl/fbAQLP

exports[`No Indexes Placeholder should render the No Indexes Placeholder component 1`] = `
<div>
  <div
    class="svelte-1rpuf6j"
  >
    <div
      class="no-indexes no-indexes-image svelte-1rpuf6j"
    >
      <object
        src="search-dashboard.svg/"
      />
    </div>
     
    <div
      class="no-indexes no-indexes-description svelte-1rpuf6j"
    >
      <h2
        class="svelte-1rpuf6j"
      >
        No data to show
      </h2>
       
      <p
        class="svelte-1rpuf6j"
      >
        You don't have any search indexes set up yet. When you do you'll see
      search related data here.
      </p>
       
      <a
        class="svelte-1rpuf6j"
        href="__DOCS_BASE_URL_/intro/dashboard.html"
        target="_blank"
      >
        Find out more
      
        <object
          src="ic-action-nav.svg/"
        />
      </a>
    </div>
  </div>
</div>
`;
