// Jest Snapshot v1, https://goo.gl/fbAQLP

exports[`Overview should render the Overview component 1`] = `
Array [
  Object {
    "chart": Object {
      "container": "ga-line-chart",
      "options": Object {
        "animation": Object {
          "startup": true,
        },
        "fontSize": 12,
        "hAxis": Object {
          "gridlines": Object {
            "units": Object {
              "days": Object {
                "format": Array [
                  "dd MMM",
                ],
              },
            },
          },
          "minorGridlines": Object {
            "units": Object {
              "hours": Object {
                "format": Array [
                  "",
                ],
              },
              "minutes": Object {
                "format": Array [
                  "",
                ],
              },
            },
          },
        },
        "width": "100%",
      },
      "type": "LINE",
    },
    "query": Object {
      "dimensions": "ga:date",
      "end-date": "2020-11-02",
      "ids": "ga:1234567890",
      "metrics": "ga:totalEvents,ga:uniqueEvents",
      "start-date": "2020-11-01",
    },
  },
]
`;

exports[`Overview should render the Overview component 2`] = `
<div>
  <section
    class="overview svelte-1gwsj7o"
  >
    <article
      class="svelte-pntwh0"
    >
       
      <section
        class="svelte-1kld2ef"
      >
        <div
          class="title svelte-1kld2ef"
        >
          <h2
            class="svelte-1kld2ef"
          >
            Overview
          </h2>
           
        </div>
         
        <div
          class="actions svelte-1kld2ef"
        />
      </section>
       
      <section
        class="widget-body svelte-4p1s5s"
      >
        <section
          class="ga-line-chart svelte-1gwsj7o"
          id="ga-line-chart"
        >
          <div
            class="spinner-container svelte-bvd1nw"
          >
            <div
              class="spinner dot-0 svelte-bvd1nw"
            />
            <div
              class="spinner dot-1 svelte-bvd1nw"
            />
            <div
              class="spinner dot-2 svelte-bvd1nw"
            />
          </div>
        </section>
      </section>
    </article>
  </section>
</div>
`;
