// Jest Snapshot v1, https://goo.gl/fbAQLP

exports[`TopBar should render the index selector bar 1`] = `
<div>
  <section
    class="index-selector-bar svelte-133enxk"
  >
    <div
      class="container svelte-133enxk"
    >
      <div
        class="container svelte-1cwa7q8"
      >
        <div
          class="spinner-container svelte-bvd1nw"
        >
          <div
            class="spinner dot-0 svelte-bvd1nw"
          />
          <div
            class="spinner dot-1 svelte-bvd1nw"
          />
          <div
            class="spinner dot-2 svelte-bvd1nw"
          />
        </div>
      </div>

      <div
        class="index-options svelte-133enxk"
      >
        <div
          class="selected-index svelte-1cg2xv7"
        >
          <span
            class="svelte-1cg2xv7"
          >
            INDEX_NAME
          </span>

          <button
            aria-label="Copy index name"
            class="svelte-23tqn3"
            title="Copy index name"
          >
            <object
              src="ic-copyicon.svg/"
            />
          </button>
        </div>


        <div
          class="svelte-wl8h5m"
        >
          <div
            class="smui-checkbox index-sort-options svelte-1929qnl"
          >
            <div
              class="mdc-checkbox checkbox mdc-checkbox--disabled mdc-checkbox--upgraded"
            >
              <input
                class="mdc-checkbox__native-control "
                disabled=""
                type="checkbox"
                value=""
              />

              <div
                class="mdc-checkbox__background"
              >
                <svg
                  class="mdc-checkbox__checkmark"
                  viewBox="0 0 24 24"
                >
                  <path
                    class="mdc-checkbox__checkmark-path"
                    d="M1.73,12.91 8.1,19.28 22.79,4.59"
                    fill="none"
                  />
                </svg>

                <div
                  class="mdc-checkbox__mixedmark"
                />
              </div>
            </div>

            <label
              class="svelte-1929qnl disabled"
            >
              include sort options data
            </label>
          </div>

          <div
            class="info-icon svelte-wl8h5m"
          >
            <div
              aria-expanded="false"
              class="svelte-usl6ua"
              data-testid="info-tip"
            >
              <div
                class=" svelte-zpbvvv"
                style="--icon-width: 24px; --icon-height: 24px;"
              >
                <object
                  src="ic-asset-info.svg/"
                />
              </div>
            </div>
          </div>
        </div>
      </div>
    </div>
  </section>
</div>
`;
