// Jest Snapshot v1, https://goo.gl/fbAQLP

exports[`TopBar should render the top bar 1`] = `
<div>
  <section
    class="top-bar svelte-1y25f5"
  >
    <div
      class="container svelte-1y25f5"
    >
       
      <section
        class="svelte-13hqdzo"
      >
        <div
          class="report-filter svelte-13hqdzo"
        >
          <div
            class="filter-selector svelte-13hqdzo"
            data-testid="display-modal-button"
          >
            <div
              class="icon-wrapper  svelte-13hqdzo"
            >
              <div
                class=" svelte-zpbvvv"
                style="--icon-width: 20px; --icon-height: 20px;"
              >
                <object
                  src="ic-filter.svg/"
                />
              </div>
            </div>
             
            <div>
              No filters applied
            </div>
          </div>
           
          <div
            class="filter-chips svelte-13hqdzo"
          />
        </div>
         
      </section>
    </div>
  </section>
</div>
`;
