// Jest Snapshot v1, https://goo.gl/fbAQLP

exports[`TopBar should render the top bar 1`] = `
<div>
  <section
    class="top-bar svelte-1y25f5"
  >
    <div
      class="container svelte-1y25f5"
    >
       
      <section
        class="svelte-1ipsz6k"
      >
        <div
          class="selected-edition svelte-1ipsz6k"
        >
          <div
            class="edition-filter svelte-1ipsz6k"
            data-testid="display-modal-button"
          >
            <div
              class=" svelte-1ipsz6k"
            >
              <div
                class=" svelte-zpbvvv"
                style="--icon-width: 20px; --icon-height: 20px;"
              >
                <object
                  src="ic-filter.svg/"
                />
              </div>
            </div>
             
            <div>
              No filters applied
            </div>
          </div>
           
        </div>
         
      </section>
    </div>
  </section>
</div>
`;
