// Jest Snapshot v1, https://goo.gl/fbAQLP

exports[`Loader should render the Loader component 1`] = `
<div>
  <div
    class="spinner-container svelte-12lddhy"
    style="--z-index: 10;"
  >
    <div
      class="spinner dot-0 svelte-12lddhy"
    />
    <div
      class="spinner dot-1 svelte-12lddhy"
    />
    <div
      class="spinner dot-2 svelte-12lddhy"
    />
  </div>
</div>
`;
