// Jest Snapshot v1, https://goo.gl/fbAQLP

exports[`OverviewCard should render the OverviewCard component 1`] = `
<div>
  <article
    class="svelte-14k6rag"
    style="--overview-card-color: #333;"
  >
    <div
      class="overview-card-top svelte-14k6rag"
    >
      <div
        class="overview-card-heading svelte-14k6rag"
      >
        <div
          class="overview-card-title svelte-14k6rag"
        >
          <div
            class=" svelte-zpbvvv"
            style="--icon-width: 24px; --icon-height: 24px;"
          >
            test-icon
          </div>
           
          <h2
            class="svelte-14k6rag"
          >
            test title
          </h2>
        </div>
         
        <div
          class="overview-card-value svelte-14k6rag"
        >
          1
        </div>
      </div>
       
      <div
        class="overview-card-content svelte-14k6rag"
      />
    </div>
     
    <div
      class="overview-card-footer svelte-14k6rag"
    />
  </article>
</div>
`;

exports[`OverviewCard should render the OverviewCard component when no value is set 1`] = `
<div>
  <article
    class="svelte-14k6rag"
    style="--overview-card-color: #333;"
  >
    <div
      class="overview-card-top svelte-14k6rag"
    >
      <div
        class="overview-card-heading svelte-14k6rag"
      >
        <div
          class="overview-card-title svelte-14k6rag"
        >
          <div
            class=" svelte-zpbvvv"
            style="--icon-width: 24px; --icon-height: 24px;"
          >
            test-icon
          </div>
           
          <h2
            class="svelte-14k6rag"
          >
            test title
          </h2>
        </div>
         
        <div
          class="overview-card-value svelte-14k6rag"
        >
          -
        </div>
      </div>
       
      <div
        class="overview-card-content svelte-14k6rag"
      />
    </div>
     
    <div
      class="overview-card-footer svelte-14k6rag"
    />
  </article>
</div>
`;

exports[`OverviewCard should render the OverviewCard component with footerText 1`] = `
<div>
  <article
    class="svelte-14k6rag"
    style="--overview-card-color: #333;"
  >
    <div
      class="overview-card-top svelte-14k6rag"
    >
      <div
        class="overview-card-heading svelte-14k6rag"
      >
        <div
          class="overview-card-title svelte-14k6rag"
        >
          <div
            class=" svelte-zpbvvv"
            style="--icon-width: 24px; --icon-height: 24px;"
          >
            test-icon
          </div>
           
          <h2
            class="svelte-14k6rag"
          >
            test title
          </h2>
        </div>
         
        <div
          class="overview-card-value svelte-14k6rag"
        >
          1
        </div>
      </div>
       
      <div
        class="overview-card-content svelte-14k6rag"
      />
    </div>
     
    <div
      class="overview-card-footer svelte-14k6rag"
    />
  </article>
</div>
`;
