// Jest Snapshot v1, https://goo.gl/fbAQLP

exports[`DateRangeBar should render a DateRangeBar 1`] = `
<div>
  <section
    class="date-range-bar svelte-e877a4"
  >
    <div
      class="container svelte-e877a4"
    >
      <span
        class="svelte-e877a4"
      >
        Date range
      </span>
       
       
      <section
        class=" svelte-1wu764x"
      >
        <div
          class="date-range-inputs svelte-1wu764x"
          data-testid="date-range-inputs"
        >
          <div
            class="date-selection svelte-1wu764x"
          >
            <div
              class="calendar-icon svelte-zpbvvv"
              style="--icon-width: 24px; --icon-height: 24px;"
            >
              <object
                src="ic-view-calendar.svg/"
              />
            </div>
             
            <input
              class="svelte-1wu764x"
              placeholder="Pick a start date"
              readonly=""
            />
          </div>
           
          <div
            class="date-selection svelte-1wu764x"
          >
            <div
              class="calendar-icon svelte-zpbvvv"
              style="--icon-width: 24px; --icon-height: 24px;"
            >
              <object
                src="ic-view-calendar.svg/"
              />
            </div>
             
            <input
              class="svelte-1wu764x"
              placeholder="Pick an end date"
              readonly=""
            />
          </div>
        </div>
         
      </section>
    </div>
  </section>
</div>
`;
